sqdist          [16]             numpy                  e2e      median         2129.2 ns  cv   4.6%
sqdist          [16]             numpy-reuse            compute  median          848.4 ns  cv   4.7%
sumsq_muladd    [16]             numpy                  e2e      median         2202.3 ns  cv   3.4%
sumsq_muladd    [16]             numpy-reuse            compute  median         1171.2 ns  cv   2.5%
sqdist          [1000]           numpy                  e2e      median         2584.5 ns  cv   6.5%
sqdist          [1000]           numpy-reuse            compute  median         1025.1 ns  cv   4.4%
sumsq_muladd    [1000]           numpy                  e2e      median         3166.2 ns  cv   2.7%
sumsq_muladd    [1000]           numpy-reuse            compute  median         1515.0 ns  cv   2.3%
sqdist          [100000]         numpy                  e2e      median       541222.7 ns  cv  10.2%
sqdist          [100000]         numpy-reuse            compute  median        46787.2 ns  cv   5.8%
sumsq_muladd    [100000]         numpy                  e2e      median       509487.1 ns  cv   8.9%
sumsq_muladd    [100000]         numpy-reuse            compute  median        74835.3 ns  cv   7.0%
sqdist          [10000000]       numpy                  e2e      median     57923800.0 ns  cv   5.5%
sqdist          [10000000]       numpy-reuse            compute  median     23259500.0 ns  cv  10.4%
sumsq_muladd    [10000000]       numpy                  e2e      median     85684300.0 ns  cv   4.5%
sumsq_muladd    [10000000]       numpy-reuse            compute  median     35395100.0 ns  cv   4.3%
normalize_rows  [4,4]            numpy                  e2e      median         4866.8 ns  cv   2.6%
normalize_rows  [4,4]            numpy-reuse            compute  median         4278.9 ns  cv   3.8%
normalize_rows  [100,10]         numpy                  e2e      median         7180.9 ns  cv   2.7%
normalize_rows  [100,10]         numpy-reuse            compute  median         6464.7 ns  cv   5.1%
normalize_rows  [1000,100]       numpy                  e2e      median       144439.6 ns  cv   4.1%
normalize_rows  [1000,100]       numpy-reuse            compute  median       118236.5 ns  cv   6.9%
normalize_rows  [100000,100]     numpy                  e2e      median     53280000.0 ns  cv   5.7%
normalize_rows  [100000,100]     numpy-reuse            compute  median     32728700.0 ns  cv   6.8%
sqdist_rows     [1000,16]        numpy                  e2e      median        19988.1 ns  cv   5.3%
sqdist_rows     [1000,16]        numpy-reuse            compute  median        21230.8 ns  cv   3.5%
sqdist_rows     [10000,100]      numpy                  e2e      median      5277380.0 ns  cv   6.4%
sqdist_rows     [10000,100]      numpy-reuse            compute  median      1602264.3 ns  cv  14.6%
sqdist_rows     [100000,100]     numpy                  e2e      median     52749300.0 ns  cv  14.0%
sqdist_rows     [100000,100]     numpy-reuse            compute  median     28102200.0 ns  cv   7.1%
# wrote results\run2\numpy_main.csv
