# JMH version: 1.37
# VM version: JDK 25.0.4.1, OpenJDK 64-Bit Server VM, 25.0.4.1+1-LTS
# VM invoker: C:\Users\Hareram ray\AI\numJ\.tools\jdk\bin\java.exe
# VM options: --enable-native-access=ALL-UNNAMED --enable-native-access=ALL-UNNAMED -Xms2g -Xmx2g -XX:+AlwaysPreTouch
# Blackhole mode: compiler (auto-detected, use -Djmh.blackhole.autoDetect=false to disable)
# Warmup: 5 iterations, 200 ms each
# Measurement: 5 iterations, 200 ms each
# Timeout: 10 min per iteration
# Threads: 1 thread, will synchronize iterations
# Benchmark mode: Average time, time/op
# Benchmark: numj.FusedBench.fused
# Parameters: (layout = contig, n = 10000000)

# Run progress: 0.00% complete, ETA 00:01:36
# Fork: 1 of 3
WARNING: A terminally deprecated method in sun.misc.Unsafe has been called
WARNING: sun.misc.Unsafe::objectFieldOffset has been called by org.openjdk.jmh.util.Utils (file:/C:/Users/Hareram%20ray/AI/numJ/.tools/jmh/jmh-core-1.37.jar)
WARNING: Please consider reporting this to the maintainers of class org.openjdk.jmh.util.Utils
WARNING: sun.misc.Unsafe::objectFieldOffset will be removed in a future release
# Warmup Iteration   1: 35214566.667 ns/op
# Warmup Iteration   2: 18516581.818 ns/op
# Warmup Iteration   3: 17418975.000 ns/op
# Warmup Iteration   4: 15243085.714 ns/op
# Warmup Iteration   5: 15182992.857 ns/op
Iteration   1: 15064014.286 ns/op
Iteration   2: 14439207.143 ns/op
Iteration   3: 14176333.333 ns/op
Iteration   4: 13977753.333 ns/op
Iteration   5: 15451935.714 ns/op

# Run progress: 2.08% complete, ETA 00:02:18
# Fork: 2 of 3
WARNING: A terminally deprecated method in sun.misc.Unsafe has been called
WARNING: sun.misc.Unsafe::objectFieldOffset has been called by org.openjdk.jmh.util.Utils (file:/C:/Users/Hareram%20ray/AI/numJ/.tools/jmh/jmh-core-1.37.jar)
WARNING: Please consider reporting this to the maintainers of class org.openjdk.jmh.util.Utils
WARNING: sun.misc.Unsafe::objectFieldOffset will be removed in a future release
# Warmup Iteration   1: 34853250.000 ns/op
# Warmup Iteration   2: 15031128.571 ns/op
# Warmup Iteration   3: 14637871.429 ns/op
# Warmup Iteration   4: 15216114.286 ns/op
# Warmup Iteration   5: 15392185.714 ns/op
Iteration   1: 15370464.286 ns/op
Iteration   2: 15456857.143 ns/op
Iteration   3: 14056760.000 ns/op
Iteration   4: 13658240.000 ns/op
Iteration   5: 15017692.857 ns/op

# Run progress: 4.17% complete, ETA 00:02:14
# Fork: 3 of 3
WARNING: A terminally deprecated method in sun.misc.Unsafe has been called
WARNING: sun.misc.Unsafe::objectFieldOffset has been called by org.openjdk.jmh.util.Utils (file:/C:/Users/Hareram%20ray/AI/numJ/.tools/jmh/jmh-core-1.37.jar)
WARNING: Please consider reporting this to the maintainers of class org.openjdk.jmh.util.Utils
WARNING: sun.misc.Unsafe::objectFieldOffset will be removed in a future release
# Warmup Iteration   1: 30284100.000 ns/op
# Warmup Iteration   2: 20970510.000 ns/op
# Warmup Iteration   3: 15924230.769 ns/op
# Warmup Iteration   4: 15259178.571 ns/op
# Warmup Iteration   5: 15645638.462 ns/op
Iteration   1: 15002371.429 ns/op
Iteration   2: 18467333.333 ns/op
Iteration   3: 20968130.000 ns/op
Iteration   4: 17013125.000 ns/op
Iteration   5: 16438000.000 ns/op


Result "numj.FusedBench.fused":
  15637214.524 ±(99.9%) 2079147.414 ns/op [Average]
  (min, avg, max) = (13658240.000, 15637214.524, 20968130.000), stdev = 1944835.781
  CI (99.9%): [13558067.110, 17716361.938] (assumes normal distribution)


# JMH version: 1.37
# VM version: JDK 25.0.4.1, OpenJDK 64-Bit Server VM, 25.0.4.1+1-LTS
# VM invoker: C:\Users\Hareram ray\AI\numJ\.tools\jdk\bin\java.exe
# VM options: --enable-native-access=ALL-UNNAMED --enable-native-access=ALL-UNNAMED -Xms2g -Xmx2g -XX:+AlwaysPreTouch
# Blackhole mode: compiler (auto-detected, use -Djmh.blackhole.autoDetect=false to disable)
# Warmup: 5 iterations, 200 ms each
# Measurement: 5 iterations, 200 ms each
# Timeout: 10 min per iteration
# Threads: 1 thread, will synchronize iterations
# Benchmark mode: Average time, time/op
# Benchmark: numj.FusedBench.fused
# Parameters: (layout = transposed, n = 10000000)

# Run progress: 6.25% complete, ETA 00:02:11
# Fork: 1 of 3
WARNING: A terminally deprecated method in sun.misc.Unsafe has been called
WARNING: sun.misc.Unsafe::objectFieldOffset has been called by org.openjdk.jmh.util.Utils (file:/C:/Users/Hareram%20ray/AI/numJ/.tools/jmh/jmh-core-1.37.jar)
WARNING: Please consider reporting this to the maintainers of class org.openjdk.jmh.util.Utils
WARNING: sun.misc.Unsafe::objectFieldOffset will be removed in a future release
# Warmup Iteration   1: 132450700.000 ns/op
# Warmup Iteration   2: 93698800.000 ns/op
# Warmup Iteration   3: 78528400.000 ns/op
# Warmup Iteration   4: 85817100.000 ns/op
# Warmup Iteration   5: 86803733.333 ns/op
Iteration   1: 86311900.000 ns/op
Iteration   2: 76341466.667 ns/op
Iteration   3: 77882233.333 ns/op
Iteration   4: 104797400.000 ns/op
Iteration   5: 103483400.000 ns/op

# Run progress: 8.33% complete, ETA 00:02:16
# Fork: 2 of 3
WARNING: A terminally deprecated method in sun.misc.Unsafe has been called
WARNING: sun.misc.Unsafe::objectFieldOffset has been called by org.openjdk.jmh.util.Utils (file:/C:/Users/Hareram%20ray/AI/numJ/.tools/jmh/jmh-core-1.37.jar)
WARNING: Please consider reporting this to the maintainers of class org.openjdk.jmh.util.Utils
WARNING: sun.misc.Unsafe::objectFieldOffset will be removed in a future release
# Warmup Iteration   1: 386677100.000 ns/op
# Warmup Iteration   2: 240438900.000 ns/op
# Warmup Iteration   3: 292211700.000 ns/op
# Warmup Iteration   4: 228084000.000 ns/op
# Warmup Iteration   5: 229212600.000 ns/op
Iteration   1: 121804600.000 ns/op
Iteration   2: 87515266.667 ns/op
Iteration   3: 67327600.000 ns/op
Iteration   4: 73930033.333 ns/op
Iteration   5: 123120450.000 ns/op

# Run progress: 10.42% complete, ETA 00:02:16
# Fork: 3 of 3
WARNING: A terminally deprecated method in sun.misc.Unsafe has been called
WARNING: sun.misc.Unsafe::objectFieldOffset has been called by org.openjdk.jmh.util.Utils (file:/C:/Users/Hareram%20ray/AI/numJ/.tools/jmh/jmh-core-1.37.jar)
WARNING: Please consider reporting this to the maintainers of class org.openjdk.jmh.util.Utils
WARNING: sun.misc.Unsafe::objectFieldOffset will be removed in a future release
# Warmup Iteration   1: 132052950.000 ns/op
# Warmup Iteration   2: 84904466.667 ns/op
# Warmup Iteration   3: 103744150.000 ns/op
# Warmup Iteration   4: 270322100.000 ns/op
# Warmup Iteration   5: 84032800.000 ns/op
Iteration   1: 84259366.667 ns/op
Iteration   2: 72281266.667 ns/op
Iteration   3: 72549666.667 ns/op
Iteration   4: 79146933.333 ns/op
Iteration   5: 95904400.000 ns/op


Result "numj.FusedBench.fused":
  88443732.222 ±(99.9%) 18957715.398 ns/op [Average]
  (min, avg, max) = (67327600.000, 88443732.222, 123120450.000), stdev = 17733058.747
  CI (99.9%): [69486016.824, 107401447.620] (assumes normal distribution)


# JMH version: 1.37
# VM version: JDK 25.0.4.1, OpenJDK 64-Bit Server VM, 25.0.4.1+1-LTS
# VM invoker: C:\Users\Hareram ray\AI\numJ\.tools\jdk\bin\java.exe
# VM options: --enable-native-access=ALL-UNNAMED --enable-native-access=ALL-UNNAMED -Xms2g -Xmx2g -XX:+AlwaysPreTouch
# Blackhole mode: compiler (auto-detected, use -Djmh.blackhole.autoDetect=false to disable)
# Warmup: 5 iterations, 200 ms each
# Measurement: 5 iterations, 200 ms each
# Timeout: 10 min per iteration
# Threads: 1 thread, will synchronize iterations
# Benchmark mode: Average time, time/op
# Benchmark: numj.FusedBench.java
# Parameters: (layout = contig, n = 10000000)

# Run progress: 12.50% complete, ETA 00:02:13
# Fork: 1 of 3
WARNING: A terminally deprecated method in sun.misc.Unsafe has been called
WARNING: sun.misc.Unsafe::objectFieldOffset has been called by org.openjdk.jmh.util.Utils (file:/C:/Users/Hareram%20ray/AI/numJ/.tools/jmh/jmh-core-1.37.jar)
WARNING: Please consider reporting this to the maintainers of class org.openjdk.jmh.util.Utils
WARNING: sun.misc.Unsafe::objectFieldOffset will be removed in a future release
# Warmup Iteration   1: 29109442.857 ns/op
# Warmup Iteration   2: 30866157.143 ns/op
# Warmup Iteration   3: 34949966.667 ns/op
# Warmup Iteration   4: 34075666.667 ns/op
# Warmup Iteration   5: 30291657.143 ns/op
Iteration   1: 33545983.333 ns/op
Iteration   2: 31098928.571 ns/op
Iteration   3: 22901711.111 ns/op
Iteration   4: 21886930.000 ns/op
Iteration   5: 18149308.333 ns/op

# Run progress: 14.58% complete, ETA 00:02:10
# Fork: 2 of 3
WARNING: A terminally deprecated method in sun.misc.Unsafe has been called
WARNING: sun.misc.Unsafe::objectFieldOffset has been called by org.openjdk.jmh.util.Utils (file:/C:/Users/Hareram%20ray/AI/numJ/.tools/jmh/jmh-core-1.37.jar)
WARNING: Please consider reporting this to the maintainers of class org.openjdk.jmh.util.Utils
WARNING: sun.misc.Unsafe::objectFieldOffset will be removed in a future release
# Warmup Iteration   1: 17608366.667 ns/op
# Warmup Iteration   2: 16178569.231 ns/op
# Warmup Iteration   3: 15782269.231 ns/op
# Warmup Iteration   4: 19728163.636 ns/op
# Warmup Iteration   5: 33980242.857 ns/op
Iteration   1: 21587170.000 ns/op
Iteration   2: 26295322.222 ns/op
Iteration   3: 17754441.667 ns/op
Iteration   4: 14473428.571 ns/op
Iteration   5: 14490026.667 ns/op

# Run progress: 16.67% complete, ETA 00:02:06
# Fork: 3 of 3
WARNING: A terminally deprecated method in sun.misc.Unsafe has been called
WARNING: sun.misc.Unsafe::objectFieldOffset has been called by org.openjdk.jmh.util.Utils (file:/C:/Users/Hareram%20ray/AI/numJ/.tools/jmh/jmh-core-1.37.jar)
WARNING: Please consider reporting this to the maintainers of class org.openjdk.jmh.util.Utils
WARNING: sun.misc.Unsafe::objectFieldOffset will be removed in a future release
# Warmup Iteration   1: 16285053.846 ns/op
# Warmup Iteration   2: 15422414.286 ns/op
# Warmup Iteration   3: 15566161.538 ns/op
# Warmup Iteration   4: 15133228.571 ns/op
# Warmup Iteration   5: 14374957.143 ns/op
Iteration   1: 13340431.250 ns/op
Iteration   2: 14893971.429 ns/op
Iteration   3: 15289650.000 ns/op
Iteration   4: 15423014.286 ns/op
Iteration   5: 15577007.692 ns/op


Result "numj.FusedBench.java":
  19780488.342 ±(99.9%) 6776881.847 ns/op [Average]
  (min, avg, max) = (13340431.250, 19780488.342, 33545983.333), stdev = 6339099.485
  CI (99.9%): [13003606.496, 26557370.189] (assumes normal distribution)


# JMH version: 1.37
# VM version: JDK 25.0.4.1, OpenJDK 64-Bit Server VM, 25.0.4.1+1-LTS
# VM invoker: C:\Users\Hareram ray\AI\numJ\.tools\jdk\bin\java.exe
# VM options: --enable-native-access=ALL-UNNAMED --enable-native-access=ALL-UNNAMED -Xms2g -Xmx2g -XX:+AlwaysPreTouch
# Blackhole mode: compiler (auto-detected, use -Djmh.blackhole.autoDetect=false to disable)
# Warmup: 5 iterations, 200 ms each
# Measurement: 5 iterations, 200 ms each
# Timeout: 10 min per iteration
# Threads: 1 thread, will synchronize iterations
# Benchmark mode: Average time, time/op
# Benchmark: numj.FusedBench.java
# Parameters: (layout = transposed, n = 10000000)

# Run progress: 18.75% complete, ETA 00:02:01
# Fork: 1 of 3
WARNING: A terminally deprecated method in sun.misc.Unsafe has been called
WARNING: sun.misc.Unsafe::objectFieldOffset has been called by org.openjdk.jmh.util.Utils (file:/C:/Users/Hareram%20ray/AI/numJ/.tools/jmh/jmh-core-1.37.jar)
WARNING: Please consider reporting this to the maintainers of class org.openjdk.jmh.util.Utils
WARNING: sun.misc.Unsafe::objectFieldOffset will be removed in a future release
# Warmup Iteration   1: 19131572.727 ns/op
# Warmup Iteration   2: 15502292.308 ns/op
# Warmup Iteration   3: 15899300.000 ns/op
# Warmup Iteration   4: 15760853.846 ns/op
# Warmup Iteration   5: 18411466.667 ns/op
Iteration   1: 17030208.333 ns/op
Iteration   2: 14634792.857 ns/op
Iteration   3: 15787130.769 ns/op
Iteration   4: 18727690.909 ns/op
Iteration   5: 15006928.571 ns/op

# Run progress: 20.83% complete, ETA 00:01:57
# Fork: 2 of 3
WARNING: A terminally deprecated method in sun.misc.Unsafe has been called
WARNING: sun.misc.Unsafe::objectFieldOffset has been called by org.openjdk.jmh.util.Utils (file:/C:/Users/Hareram%20ray/AI/numJ/.tools/jmh/jmh-core-1.37.jar)
WARNING: Please consider reporting this to the maintainers of class org.openjdk.jmh.util.Utils
WARNING: sun.misc.Unsafe::objectFieldOffset will be removed in a future release
# Warmup Iteration   1: 15879061.538 ns/op
# Warmup Iteration   2: 36742350.000 ns/op
# Warmup Iteration   3: 18432572.727 ns/op
# Warmup Iteration   4: 15926238.462 ns/op
# Warmup Iteration   5: 16402546.154 ns/op
Iteration   1: 16977658.333 ns/op
Iteration   2: 16702925.000 ns/op
Iteration   3: 15491621.429 ns/op
Iteration   4: 15515853.846 ns/op
Iteration   5: 14856500.000 ns/op

# Run progress: 22.92% complete, ETA 00:01:53
# Fork: 3 of 3
WARNING: A terminally deprecated method in sun.misc.Unsafe has been called
WARNING: sun.misc.Unsafe::objectFieldOffset has been called by org.openjdk.jmh.util.Utils (file:/C:/Users/Hareram%20ray/AI/numJ/.tools/jmh/jmh-core-1.37.jar)
WARNING: Please consider reporting this to the maintainers of class org.openjdk.jmh.util.Utils
WARNING: sun.misc.Unsafe::objectFieldOffset will be removed in a future release
# Warmup Iteration   1: 15996653.846 ns/op
# Warmup Iteration   2: 15227392.857 ns/op
# Warmup Iteration   3: 17538266.667 ns/op
# Warmup Iteration   4: 14798550.000 ns/op
# Warmup Iteration   5: 15973284.615 ns/op
Iteration   1: 15033307.143 ns/op
Iteration   2: 14880478.571 ns/op
Iteration   3: 14903978.571 ns/op
Iteration   4: 15165171.429 ns/op
Iteration   5: 14621800.000 ns/op


Result "numj.FusedBench.java":
  15689069.718 ±(99.9%) 1251387.414 ns/op [Average]
  (min, avg, max) = (14621800.000, 15689069.718, 18727690.909), stdev = 1170548.564
  CI (99.9%): [14437682.303, 16940457.132] (assumes normal distribution)


# JMH version: 1.37
# VM version: JDK 25.0.4.1, OpenJDK 64-Bit Server VM, 25.0.4.1+1-LTS
# VM invoker: C:\Users\Hareram ray\AI\numJ\.tools\jdk\bin\java.exe
# VM options: --enable-native-access=ALL-UNNAMED --enable-native-access=ALL-UNNAMED -Xms2g -Xmx2g -XX:+AlwaysPreTouch
# Blackhole mode: compiler (auto-detected, use -Djmh.blackhole.autoDetect=false to disable)
# Warmup: 5 iterations, 200 ms each
# Measurement: 5 iterations, 200 ms each
# Timeout: 10 min per iteration
# Threads: 1 thread, will synchronize iterations
# Benchmark mode: Average time, time/op
# Benchmark: numj.FusedBench.unfusedAlloc
# Parameters: (layout = contig, n = 10000000)

# Run progress: 25.00% complete, ETA 00:01:50
# Fork: 1 of 3
WARNING: A terminally deprecated method in sun.misc.Unsafe has been called
WARNING: sun.misc.Unsafe::objectFieldOffset has been called by org.openjdk.jmh.util.Utils (file:/C:/Users/Hareram%20ray/AI/numJ/.tools/jmh/jmh-core-1.37.jar)
WARNING: Please consider reporting this to the maintainers of class org.openjdk.jmh.util.Utils
WARNING: sun.misc.Unsafe::objectFieldOffset will be removed in a future release
# Warmup Iteration   1: 220050900.000 ns/op
# Warmup Iteration   2: 111355850.000 ns/op
# Warmup Iteration   3: 112917050.000 ns/op
# Warmup Iteration   4: 101720966.667 ns/op
# Warmup Iteration   5: 103063333.333 ns/op
Iteration   1: 99440300.000 ns/op
Iteration   2: 101024450.000 ns/op
Iteration   3: 105037150.000 ns/op
Iteration   4: 100606500.000 ns/op
Iteration   5: 134835300.000 ns/op

# Run progress: 27.08% complete, ETA 00:01:47
# Fork: 2 of 3
WARNING: A terminally deprecated method in sun.misc.Unsafe has been called
WARNING: sun.misc.Unsafe::objectFieldOffset has been called by org.openjdk.jmh.util.Utils (file:/C:/Users/Hareram%20ray/AI/numJ/.tools/jmh/jmh-core-1.37.jar)
WARNING: Please consider reporting this to the maintainers of class org.openjdk.jmh.util.Utils
WARNING: sun.misc.Unsafe::objectFieldOffset will be removed in a future release
# Warmup Iteration   1: 279299000.000 ns/op
# Warmup Iteration   2: 137383650.000 ns/op
# Warmup Iteration   3: 124921650.000 ns/op
# Warmup Iteration   4: 115658250.000 ns/op
# Warmup Iteration   5: 119716900.000 ns/op
Iteration   1: 104120650.000 ns/op
Iteration   2: 109687750.000 ns/op
Iteration   3: 95258633.333 ns/op
Iteration   4: 109677350.000 ns/op
Iteration   5: 112733266.667 ns/op

# Run progress: 29.17% complete, ETA 00:01:45
# Fork: 3 of 3
WARNING: A terminally deprecated method in sun.misc.Unsafe has been called
WARNING: sun.misc.Unsafe::objectFieldOffset has been called by org.openjdk.jmh.util.Utils (file:/C:/Users/Hareram%20ray/AI/numJ/.tools/jmh/jmh-core-1.37.jar)
WARNING: Please consider reporting this to the maintainers of class org.openjdk.jmh.util.Utils
WARNING: sun.misc.Unsafe::objectFieldOffset will be removed in a future release
# Warmup Iteration   1: 137993150.000 ns/op
# Warmup Iteration   2: 86561033.333 ns/op
# Warmup Iteration   3: 89950966.667 ns/op
# Warmup Iteration   4: 93167400.000 ns/op
# Warmup Iteration   5: 91241500.000 ns/op
Iteration   1: 92172033.333 ns/op
Iteration   2: 92079700.000 ns/op
Iteration   3: 93814733.333 ns/op
Iteration   4: 110448133.333 ns/op
Iteration   5: 131301050.000 ns/op


Result "numj.FusedBench.unfusedAlloc":
  106149133.333 ±(99.9%) 13743352.707 ns/op [Average]
  (min, avg, max) = (92079700.000, 106149133.333, 134835300.000), stdev = 12855540.650
  CI (99.9%): [92405780.626, 119892486.040] (assumes normal distribution)


# JMH version: 1.37
# VM version: JDK 25.0.4.1, OpenJDK 64-Bit Server VM, 25.0.4.1+1-LTS
# VM invoker: C:\Users\Hareram ray\AI\numJ\.tools\jdk\bin\java.exe
# VM options: --enable-native-access=ALL-UNNAMED --enable-native-access=ALL-UNNAMED -Xms2g -Xmx2g -XX:+AlwaysPreTouch
# Blackhole mode: compiler (auto-detected, use -Djmh.blackhole.autoDetect=false to disable)
# Warmup: 5 iterations, 200 ms each
# Measurement: 5 iterations, 200 ms each
# Timeout: 10 min per iteration
# Threads: 1 thread, will synchronize iterations
# Benchmark mode: Average time, time/op
# Benchmark: numj.FusedBench.unfusedAlloc
# Parameters: (layout = transposed, n = 10000000)

# Run progress: 31.25% complete, ETA 00:01:43
# Fork: 1 of 3
WARNING: A terminally deprecated method in sun.misc.Unsafe has been called
WARNING: sun.misc.Unsafe::objectFieldOffset has been called by org.openjdk.jmh.util.Utils (file:/C:/Users/Hareram%20ray/AI/numJ/.tools/jmh/jmh-core-1.37.jar)
WARNING: Please consider reporting this to the maintainers of class org.openjdk.jmh.util.Utils
WARNING: sun.misc.Unsafe::objectFieldOffset will be removed in a future release
# Warmup Iteration   1: 368936700.000 ns/op
# Warmup Iteration   2: 292726100.000 ns/op
# Warmup Iteration   3: 317032600.000 ns/op
# Warmup Iteration   4: 299611500.000 ns/op
# Warmup Iteration   5: 302126400.000 ns/op
Iteration   1: 322261300.000 ns/op
Iteration   2: 292783700.000 ns/op
Iteration   3: 364397200.000 ns/op
Iteration   4: 532843000.000 ns/op
Iteration   5: 519068200.000 ns/op

# Run progress: 33.33% complete, ETA 00:01:42
# Fork: 2 of 3
WARNING: A terminally deprecated method in sun.misc.Unsafe has been called
WARNING: sun.misc.Unsafe::objectFieldOffset has been called by org.openjdk.jmh.util.Utils (file:/C:/Users/Hareram%20ray/AI/numJ/.tools/jmh/jmh-core-1.37.jar)
WARNING: Please consider reporting this to the maintainers of class org.openjdk.jmh.util.Utils
WARNING: sun.misc.Unsafe::objectFieldOffset will be removed in a future release
# Warmup Iteration   1: 390735200.000 ns/op
# Warmup Iteration   2: 278223700.000 ns/op
# Warmup Iteration   3: 308806600.000 ns/op
# Warmup Iteration   4: 336034800.000 ns/op
# Warmup Iteration   5: 319869000.000 ns/op
Iteration   1: 307684300.000 ns/op
Iteration   2: 315935100.000 ns/op
Iteration   3: 357585300.000 ns/op
Iteration   4: 481018700.000 ns/op
Iteration   5: 478990500.000 ns/op

# Run progress: 35.42% complete, ETA 00:01:41
# Fork: 3 of 3
WARNING: A terminally deprecated method in sun.misc.Unsafe has been called
WARNING: sun.misc.Unsafe::objectFieldOffset has been called by org.openjdk.jmh.util.Utils (file:/C:/Users/Hareram%20ray/AI/numJ/.tools/jmh/jmh-core-1.37.jar)
WARNING: Please consider reporting this to the maintainers of class org.openjdk.jmh.util.Utils
WARNING: sun.misc.Unsafe::objectFieldOffset will be removed in a future release
# Warmup Iteration   1: 408853500.000 ns/op
# Warmup Iteration   2: 349543400.000 ns/op
# Warmup Iteration   3: 345134200.000 ns/op
# Warmup Iteration   4: 340811400.000 ns/op
# Warmup Iteration   5: 415982400.000 ns/op
Iteration   1: 471689900.000 ns/op
Iteration   2: 515101300.000 ns/op
Iteration   3: 510660900.000 ns/op
Iteration   4: 462628100.000 ns/op
Iteration   5: 509467200.000 ns/op


Result "numj.FusedBench.unfusedAlloc":
  429474313.333 ±(99.9%) 96609287.186 ns/op [Average]
  (min, avg, max) = (292783700.000, 429474313.333, 532843000.000), stdev = 90368387.182
  CI (99.9%): [332865026.147, 526083600.520] (assumes normal distribution)


# JMH version: 1.37
# VM version: JDK 25.0.4.1, OpenJDK 64-Bit Server VM, 25.0.4.1+1-LTS
# VM invoker: C:\Users\Hareram ray\AI\numJ\.tools\jdk\bin\java.exe
# VM options: --enable-native-access=ALL-UNNAMED --enable-native-access=ALL-UNNAMED -Xms2g -Xmx2g -XX:+AlwaysPreTouch
# Blackhole mode: compiler (auto-detected, use -Djmh.blackhole.autoDetect=false to disable)
# Warmup: 5 iterations, 200 ms each
# Measurement: 5 iterations, 200 ms each
# Timeout: 10 min per iteration
# Threads: 1 thread, will synchronize iterations
# Benchmark mode: Average time, time/op
# Benchmark: numj.FusedBench.unfusedReuse
# Parameters: (layout = contig, n = 10000000)

# Run progress: 37.50% complete, ETA 00:01:41
# Fork: 1 of 3
WARNING: A terminally deprecated method in sun.misc.Unsafe has been called
WARNING: sun.misc.Unsafe::objectFieldOffset has been called by org.openjdk.jmh.util.Utils (file:/C:/Users/Hareram%20ray/AI/numJ/.tools/jmh/jmh-core-1.37.jar)
WARNING: Please consider reporting this to the maintainers of class org.openjdk.jmh.util.Utils
WARNING: sun.misc.Unsafe::objectFieldOffset will be removed in a future release
# Warmup Iteration   1: 217888400.000 ns/op
# Warmup Iteration   2: 87610900.000 ns/op
# Warmup Iteration   3: 75704800.000 ns/op
# Warmup Iteration   4: 83854200.000 ns/op
# Warmup Iteration   5: 79868200.000 ns/op
Iteration   1: 80447066.667 ns/op
Iteration   2: 69722833.333 ns/op
Iteration   3: 48244560.000 ns/op
Iteration   4: 51298500.000 ns/op
Iteration   5: 60360800.000 ns/op

# Run progress: 39.58% complete, ETA 00:01:37
# Fork: 2 of 3
WARNING: A terminally deprecated method in sun.misc.Unsafe has been called
WARNING: sun.misc.Unsafe::objectFieldOffset has been called by org.openjdk.jmh.util.Utils (file:/C:/Users/Hareram%20ray/AI/numJ/.tools/jmh/jmh-core-1.37.jar)
WARNING: Please consider reporting this to the maintainers of class org.openjdk.jmh.util.Utils
WARNING: sun.misc.Unsafe::objectFieldOffset will be removed in a future release
# Warmup Iteration   1: 104361050.000 ns/op
# Warmup Iteration   2: 47097100.000 ns/op
# Warmup Iteration   3: 48915140.000 ns/op
# Warmup Iteration   4: 48625080.000 ns/op
# Warmup Iteration   5: 50881300.000 ns/op
Iteration   1: 51022500.000 ns/op
Iteration   2: 48101900.000 ns/op
Iteration   3: 52560600.000 ns/op
Iteration   4: 52250050.000 ns/op
Iteration   5: 48343420.000 ns/op

# Run progress: 41.67% complete, ETA 00:01:33
# Fork: 3 of 3
WARNING: A terminally deprecated method in sun.misc.Unsafe has been called
WARNING: sun.misc.Unsafe::objectFieldOffset has been called by org.openjdk.jmh.util.Utils (file:/C:/Users/Hareram%20ray/AI/numJ/.tools/jmh/jmh-core-1.37.jar)
WARNING: Please consider reporting this to the maintainers of class org.openjdk.jmh.util.Utils
WARNING: sun.misc.Unsafe::objectFieldOffset will be removed in a future release
# Warmup Iteration   1: 79170933.333 ns/op
# Warmup Iteration   2: 47739480.000 ns/op
# Warmup Iteration   3: 50438625.000 ns/op
# Warmup Iteration   4: 48037440.000 ns/op
# Warmup Iteration   5: 50432200.000 ns/op
Iteration   1: 55438125.000 ns/op
Iteration   2: 47335340.000 ns/op
Iteration   3: 49217580.000 ns/op
Iteration   4: 52363825.000 ns/op
Iteration   5: 50858175.000 ns/op


Result "numj.FusedBench.unfusedReuse":
  54504351.667 ±(99.9%) 9841382.046 ns/op [Average]
  (min, avg, max) = (47335340.000, 54504351.667, 80447066.667), stdev = 9205634.873
  CI (99.9%): [44662969.621, 64345733.713] (assumes normal distribution)


# JMH version: 1.37
# VM version: JDK 25.0.4.1, OpenJDK 64-Bit Server VM, 25.0.4.1+1-LTS
# VM invoker: C:\Users\Hareram ray\AI\numJ\.tools\jdk\bin\java.exe
# VM options: --enable-native-access=ALL-UNNAMED --enable-native-access=ALL-UNNAMED -Xms2g -Xmx2g -XX:+AlwaysPreTouch
# Blackhole mode: compiler (auto-detected, use -Djmh.blackhole.autoDetect=false to disable)
# Warmup: 5 iterations, 200 ms each
# Measurement: 5 iterations, 200 ms each
# Timeout: 10 min per iteration
# Threads: 1 thread, will synchronize iterations
# Benchmark mode: Average time, time/op
# Benchmark: numj.FusedBench.unfusedReuse
# Parameters: (layout = transposed, n = 10000000)

# Run progress: 43.75% complete, ETA 00:01:30
# Fork: 1 of 3
WARNING: A terminally deprecated method in sun.misc.Unsafe has been called
WARNING: sun.misc.Unsafe::objectFieldOffset has been called by org.openjdk.jmh.util.Utils (file:/C:/Users/Hareram%20ray/AI/numJ/.tools/jmh/jmh-core-1.37.jar)
WARNING: Please consider reporting this to the maintainers of class org.openjdk.jmh.util.Utils
WARNING: sun.misc.Unsafe::objectFieldOffset will be removed in a future release
# Warmup Iteration   1: 373610900.000 ns/op
# Warmup Iteration   2: 251653600.000 ns/op
# Warmup Iteration   3: 233608900.000 ns/op
# Warmup Iteration   4: 240943200.000 ns/op
# Warmup Iteration   5: 270348500.000 ns/op
Iteration   1: 223713300.000 ns/op
Iteration   2: 262472000.000 ns/op
Iteration   3: 302229100.000 ns/op
Iteration   4: 255663000.000 ns/op
Iteration   5: 377166200.000 ns/op

# Run progress: 45.83% complete, ETA 00:01:27
# Fork: 2 of 3
WARNING: A terminally deprecated method in sun.misc.Unsafe has been called
WARNING: sun.misc.Unsafe::objectFieldOffset has been called by org.openjdk.jmh.util.Utils (file:/C:/Users/Hareram%20ray/AI/numJ/.tools/jmh/jmh-core-1.37.jar)
WARNING: Please consider reporting this to the maintainers of class org.openjdk.jmh.util.Utils
WARNING: sun.misc.Unsafe::objectFieldOffset will be removed in a future release
# Warmup Iteration   1: 324067300.000 ns/op
# Warmup Iteration   2: 214352100.000 ns/op
# Warmup Iteration   3: 283709600.000 ns/op
# Warmup Iteration   4: 304825400.000 ns/op
# Warmup Iteration   5: 294966200.000 ns/op
Iteration   1: 266009200.000 ns/op
Iteration   2: 256718100.000 ns/op
Iteration   3: 314512700.000 ns/op
Iteration   4: 315619600.000 ns/op
Iteration   5: 407537600.000 ns/op

# Run progress: 47.92% complete, ETA 00:01:24
# Fork: 3 of 3
WARNING: A terminally deprecated method in sun.misc.Unsafe has been called
WARNING: sun.misc.Unsafe::objectFieldOffset has been called by org.openjdk.jmh.util.Utils (file:/C:/Users/Hareram%20ray/AI/numJ/.tools/jmh/jmh-core-1.37.jar)
WARNING: Please consider reporting this to the maintainers of class org.openjdk.jmh.util.Utils
WARNING: sun.misc.Unsafe::objectFieldOffset will be removed in a future release
# Warmup Iteration   1: 466768600.000 ns/op
# Warmup Iteration   2: 222417000.000 ns/op
# Warmup Iteration   3: 282515000.000 ns/op
# Warmup Iteration   4: 292979300.000 ns/op
# Warmup Iteration   5: 266407300.000 ns/op
Iteration   1: 262566300.000 ns/op
Iteration   2: 266762200.000 ns/op
Iteration   3: 260994600.000 ns/op
Iteration   4: 408753100.000 ns/op
Iteration   5: 443209200.000 ns/op


Result "numj.FusedBench.unfusedReuse":
  308261746.667 ±(99.9%) 73146561.422 ns/op [Average]
  (min, avg, max) = (223713300.000, 308261746.667, 443209200.000), stdev = 68421338.943
  CI (99.9%): [235115185.245, 381408308.089] (assumes normal distribution)


# JMH version: 1.37
# VM version: JDK 25.0.4.1, OpenJDK 64-Bit Server VM, 25.0.4.1+1-LTS
# VM invoker: C:\Users\Hareram ray\AI\numJ\.tools\jdk\bin\java.exe
# VM options: --enable-native-access=ALL-UNNAMED --enable-native-access=ALL-UNNAMED -Xms2g -Xmx2g -XX:+AlwaysPreTouch
# Blackhole mode: compiler (auto-detected, use -Djmh.blackhole.autoDetect=false to disable)
# Warmup: 5 iterations, 200 ms each
# Measurement: 5 iterations, 200 ms each
# Timeout: 10 min per iteration
# Threads: 1 thread, will synchronize iterations
# Benchmark mode: Average time, time/op
# Benchmark: numj.ReduceBench.java
# Parameters: (kind = all, n = 10000000)

# Run progress: 50.00% complete, ETA 00:01:21
# Fork: 1 of 3
WARNING: A terminally deprecated method in sun.misc.Unsafe has been called
WARNING: sun.misc.Unsafe::objectFieldOffset has been called by org.openjdk.jmh.util.Utils (file:/C:/Users/Hareram%20ray/AI/numJ/.tools/jmh/jmh-core-1.37.jar)
WARNING: Please consider reporting this to the maintainers of class org.openjdk.jmh.util.Utils
WARNING: sun.misc.Unsafe::objectFieldOffset will be removed in a future release
# Warmup Iteration   1: 6636493.548 ns/op
# Warmup Iteration   2: 19144581.818 ns/op
# Warmup Iteration   3: 19429990.909 ns/op
# Warmup Iteration   4: 11695633.333 ns/op
# Warmup Iteration   5: 11258888.889 ns/op
Iteration   1: 24437311.111 ns/op
Iteration   2: 12151488.235 ns/op
Iteration   3: 11649600.000 ns/op
Iteration   4: 12221688.235 ns/op
Iteration   5: 7702325.926 ns/op

# Run progress: 52.08% complete, ETA 00:01:17
# Fork: 2 of 3
WARNING: A terminally deprecated method in sun.misc.Unsafe has been called
WARNING: sun.misc.Unsafe::objectFieldOffset has been called by org.openjdk.jmh.util.Utils (file:/C:/Users/Hareram%20ray/AI/numJ/.tools/jmh/jmh-core-1.37.jar)
WARNING: Please consider reporting this to the maintainers of class org.openjdk.jmh.util.Utils
WARNING: sun.misc.Unsafe::objectFieldOffset will be removed in a future release
# Warmup Iteration   1: 12561976.471 ns/op
# Warmup Iteration   2: 10913842.105 ns/op
# Warmup Iteration   3: 13411725.000 ns/op
# Warmup Iteration   4: 11626300.000 ns/op
# Warmup Iteration   5: 12024405.882 ns/op
Iteration   1: 13458362.500 ns/op
Iteration   2: 9406522.727 ns/op
Iteration   3: 8540658.333 ns/op
Iteration   4: 8111528.000 ns/op
Iteration   5: 8229908.000 ns/op

# Run progress: 54.17% complete, ETA 00:01:13
# Fork: 3 of 3
WARNING: A terminally deprecated method in sun.misc.Unsafe has been called
WARNING: sun.misc.Unsafe::objectFieldOffset has been called by org.openjdk.jmh.util.Utils (file:/C:/Users/Hareram%20ray/AI/numJ/.tools/jmh/jmh-core-1.37.jar)
WARNING: Please consider reporting this to the maintainers of class org.openjdk.jmh.util.Utils
WARNING: sun.misc.Unsafe::objectFieldOffset will be removed in a future release
# Warmup Iteration   1: 15139200.000 ns/op
# Warmup Iteration   2: 11959305.882 ns/op
# Warmup Iteration   3: 7409342.857 ns/op
# Warmup Iteration   4: 8574295.833 ns/op
# Warmup Iteration   5: 8130528.000 ns/op
Iteration   1: 18675441.667 ns/op
Iteration   2: 27638275.000 ns/op
Iteration   3: 23157166.667 ns/op
Iteration   4: 15920121.429 ns/op
Iteration   5: 25746033.333 ns/op


Result "numj.ReduceBench.java":
  15136428.744 ±(99.9%) 7526216.964 ns/op [Average]
  (min, avg, max) = (7702325.926, 15136428.744, 27638275.000), stdev = 7040028.018
  CI (99.9%): [7610211.780, 22662645.708] (assumes normal distribution)


# JMH version: 1.37
# VM version: JDK 25.0.4.1, OpenJDK 64-Bit Server VM, 25.0.4.1+1-LTS
# VM invoker: C:\Users\Hareram ray\AI\numJ\.tools\jdk\bin\java.exe
# VM options: --enable-native-access=ALL-UNNAMED --enable-native-access=ALL-UNNAMED -Xms2g -Xmx2g -XX:+AlwaysPreTouch
# Blackhole mode: compiler (auto-detected, use -Djmh.blackhole.autoDetect=false to disable)
# Warmup: 5 iterations, 200 ms each
# Measurement: 5 iterations, 200 ms each
# Timeout: 10 min per iteration
# Threads: 1 thread, will synchronize iterations
# Benchmark mode: Average time, time/op
# Benchmark: numj.ReduceBench.java
# Parameters: (kind = axis0, n = 10000000)

# Run progress: 56.25% complete, ETA 00:01:10
# Fork: 1 of 3
WARNING: A terminally deprecated method in sun.misc.Unsafe has been called
WARNING: sun.misc.Unsafe::objectFieldOffset has been called by org.openjdk.jmh.util.Utils (file:/C:/Users/Hareram%20ray/AI/numJ/.tools/jmh/jmh-core-1.37.jar)
WARNING: Please consider reporting this to the maintainers of class org.openjdk.jmh.util.Utils
WARNING: sun.misc.Unsafe::objectFieldOffset will be removed in a future release
# Warmup Iteration   1: 8165188.000 ns/op
# Warmup Iteration   2: 16013392.308 ns/op
# Warmup Iteration   3: 22791444.444 ns/op
# Warmup Iteration   4: 23001622.222 ns/op
# Warmup Iteration   5: 16489869.231 ns/op
Iteration   1: 15249157.143 ns/op
Iteration   2: 24523611.111 ns/op
Iteration   3: 22648433.333 ns/op
Iteration   4: 22747400.000 ns/op
Iteration   5: 6824496.667 ns/op

# Run progress: 58.33% complete, ETA 00:01:06
# Fork: 2 of 3
WARNING: A terminally deprecated method in sun.misc.Unsafe has been called
WARNING: sun.misc.Unsafe::objectFieldOffset has been called by org.openjdk.jmh.util.Utils (file:/C:/Users/Hareram%20ray/AI/numJ/.tools/jmh/jmh-core-1.37.jar)
WARNING: Please consider reporting this to the maintainers of class org.openjdk.jmh.util.Utils
WARNING: sun.misc.Unsafe::objectFieldOffset will be removed in a future release
# Warmup Iteration   1: 7049068.966 ns/op
# Warmup Iteration   2: 9617076.190 ns/op
# Warmup Iteration   3: 6514816.129 ns/op
# Warmup Iteration   4: 6725603.333 ns/op
# Warmup Iteration   5: 7452114.286 ns/op
Iteration   1: 7012813.793 ns/op
Iteration   2: 6560877.419 ns/op
Iteration   3: 6538329.032 ns/op
Iteration   4: 6526348.387 ns/op
Iteration   5: 14337773.333 ns/op

# Run progress: 60.42% complete, ETA 00:01:03
# Fork: 3 of 3
WARNING: A terminally deprecated method in sun.misc.Unsafe has been called
WARNING: sun.misc.Unsafe::objectFieldOffset has been called by org.openjdk.jmh.util.Utils (file:/C:/Users/Hareram%20ray/AI/numJ/.tools/jmh/jmh-core-1.37.jar)
WARNING: Please consider reporting this to the maintainers of class org.openjdk.jmh.util.Utils
WARNING: sun.misc.Unsafe::objectFieldOffset will be removed in a future release
# Warmup Iteration   1: 6693646.667 ns/op
# Warmup Iteration   2: 6050132.353 ns/op
# Warmup Iteration   3: 7047172.414 ns/op
# Warmup Iteration   4: 6761333.333 ns/op
# Warmup Iteration   5: 8044004.000 ns/op
Iteration   1: 9815976.190 ns/op
Iteration   2: 7848723.077 ns/op
Iteration   3: 6237684.848 ns/op
Iteration   4: 6157006.061 ns/op
Iteration   5: 8979273.913 ns/op


Result "numj.ReduceBench.java":
  11467193.621 ±(99.9%) 7211241.586 ns/op [Average]
  (min, avg, max) = (6157006.061, 11467193.621, 24523611.111), stdev = 6745399.854
  CI (99.9%): [4255952.035, 18678435.206] (assumes normal distribution)


# JMH version: 1.37
# VM version: JDK 25.0.4.1, OpenJDK 64-Bit Server VM, 25.0.4.1+1-LTS
# VM invoker: C:\Users\Hareram ray\AI\numJ\.tools\jdk\bin\java.exe
# VM options: --enable-native-access=ALL-UNNAMED --enable-native-access=ALL-UNNAMED -Xms2g -Xmx2g -XX:+AlwaysPreTouch
# Blackhole mode: compiler (auto-detected, use -Djmh.blackhole.autoDetect=false to disable)
# Warmup: 5 iterations, 200 ms each
# Measurement: 5 iterations, 200 ms each
# Timeout: 10 min per iteration
# Threads: 1 thread, will synchronize iterations
# Benchmark mode: Average time, time/op
# Benchmark: numj.ReduceBench.java
# Parameters: (kind = axis1, n = 10000000)

# Run progress: 62.50% complete, ETA 00:00:59
# Fork: 1 of 3
WARNING: A terminally deprecated method in sun.misc.Unsafe has been called
WARNING: sun.misc.Unsafe::objectFieldOffset has been called by org.openjdk.jmh.util.Utils (file:/C:/Users/Hareram%20ray/AI/numJ/.tools/jmh/jmh-core-1.37.jar)
WARNING: Please consider reporting this to the maintainers of class org.openjdk.jmh.util.Utils
WARNING: sun.misc.Unsafe::objectFieldOffset will be removed in a future release
# Warmup Iteration   1: 7111651.724 ns/op
# Warmup Iteration   2: 7495988.889 ns/op
# Warmup Iteration   3: 7496262.963 ns/op
# Warmup Iteration   4: 10270150.000 ns/op
# Warmup Iteration   5: 7521862.963 ns/op
Iteration   1: 7109606.897 ns/op
Iteration   2: 6721596.667 ns/op
Iteration   3: 7112724.138 ns/op
Iteration   4: 8182140.000 ns/op
Iteration   5: 7317467.857 ns/op

# Run progress: 64.58% complete, ETA 00:00:55
# Fork: 2 of 3
WARNING: A terminally deprecated method in sun.misc.Unsafe has been called
WARNING: sun.misc.Unsafe::objectFieldOffset has been called by org.openjdk.jmh.util.Utils (file:/C:/Users/Hareram%20ray/AI/numJ/.tools/jmh/jmh-core-1.37.jar)
WARNING: Please consider reporting this to the maintainers of class org.openjdk.jmh.util.Utils
WARNING: sun.misc.Unsafe::objectFieldOffset will be removed in a future release
# Warmup Iteration   1: 8949891.304 ns/op
# Warmup Iteration   2: 7760457.692 ns/op
# Warmup Iteration   3: 6860570.000 ns/op
# Warmup Iteration   4: 7306357.143 ns/op
# Warmup Iteration   5: 7012362.069 ns/op
Iteration   1: 6788956.667 ns/op
Iteration   2: 6504648.387 ns/op
Iteration   3: 8850234.783 ns/op
Iteration   4: 7461910.714 ns/op
Iteration   5: 6642022.581 ns/op

# Run progress: 66.67% complete, ETA 00:00:52
# Fork: 3 of 3
WARNING: A terminally deprecated method in sun.misc.Unsafe has been called
WARNING: sun.misc.Unsafe::objectFieldOffset has been called by org.openjdk.jmh.util.Utils (file:/C:/Users/Hareram%20ray/AI/numJ/.tools/jmh/jmh-core-1.37.jar)
WARNING: Please consider reporting this to the maintainers of class org.openjdk.jmh.util.Utils
WARNING: sun.misc.Unsafe::objectFieldOffset will be removed in a future release
# Warmup Iteration   1: 8019446.154 ns/op
# Warmup Iteration   2: 9357350.000 ns/op
# Warmup Iteration   3: 8119776.000 ns/op
# Warmup Iteration   4: 6992648.276 ns/op
# Warmup Iteration   5: 7640055.556 ns/op
Iteration   1: 8349200.000 ns/op
Iteration   2: 7371210.714 ns/op
Iteration   3: 6374953.125 ns/op
Iteration   4: 7925926.923 ns/op
Iteration   5: 12800418.750 ns/op


Result "numj.ReduceBench.java":
  7700867.880 ±(99.9%) 1693663.453 ns/op [Average]
  (min, avg, max) = (6374953.125, 7700867.880, 12800418.750), stdev = 1584253.845
  CI (99.9%): [6007204.427, 9394531.333] (assumes normal distribution)


# JMH version: 1.37
# VM version: JDK 25.0.4.1, OpenJDK 64-Bit Server VM, 25.0.4.1+1-LTS
# VM invoker: C:\Users\Hareram ray\AI\numJ\.tools\jdk\bin\java.exe
# VM options: --enable-native-access=ALL-UNNAMED --enable-native-access=ALL-UNNAMED -Xms2g -Xmx2g -XX:+AlwaysPreTouch
# Blackhole mode: compiler (auto-detected, use -Djmh.blackhole.autoDetect=false to disable)
# Warmup: 5 iterations, 200 ms each
# Measurement: 5 iterations, 200 ms each
# Timeout: 10 min per iteration
# Threads: 1 thread, will synchronize iterations
# Benchmark mode: Average time, time/op
# Benchmark: numj.ReduceBench.java
# Parameters: (kind = allT, n = 10000000)

# Run progress: 68.75% complete, ETA 00:00:48
# Fork: 1 of 3
WARNING: A terminally deprecated method in sun.misc.Unsafe has been called
WARNING: sun.misc.Unsafe::objectFieldOffset has been called by org.openjdk.jmh.util.Utils (file:/C:/Users/Hareram%20ray/AI/numJ/.tools/jmh/jmh-core-1.37.jar)
WARNING: Please consider reporting this to the maintainers of class org.openjdk.jmh.util.Utils
WARNING: sun.misc.Unsafe::objectFieldOffset will be removed in a future release
# Warmup Iteration   1: 7184382.143 ns/op
# Warmup Iteration   2: 6947482.759 ns/op
# Warmup Iteration   3: 7643311.111 ns/op
# Warmup Iteration   4: 7095986.207 ns/op
# Warmup Iteration   5: 7416442.857 ns/op
Iteration   1: 7231675.000 ns/op
Iteration   2: 7319896.429 ns/op
Iteration   3: 17157008.333 ns/op
Iteration   4: 13792286.667 ns/op
Iteration   5: 8310864.000 ns/op

# Run progress: 70.83% complete, ETA 00:00:45
# Fork: 2 of 3
WARNING: A terminally deprecated method in sun.misc.Unsafe has been called
WARNING: sun.misc.Unsafe::objectFieldOffset has been called by org.openjdk.jmh.util.Utils (file:/C:/Users/Hareram%20ray/AI/numJ/.tools/jmh/jmh-core-1.37.jar)
WARNING: Please consider reporting this to the maintainers of class org.openjdk.jmh.util.Utils
WARNING: sun.misc.Unsafe::objectFieldOffset will be removed in a future release
# Warmup Iteration   1: 8215188.000 ns/op
# Warmup Iteration   2: 7248342.857 ns/op
# Warmup Iteration   3: 7246575.000 ns/op
# Warmup Iteration   4: 6479870.968 ns/op
# Warmup Iteration   5: 6497529.032 ns/op
Iteration   1: 6493770.968 ns/op
Iteration   2: 7077086.207 ns/op
Iteration   3: 6608448.387 ns/op
Iteration   4: 5881671.429 ns/op
Iteration   5: 6835063.333 ns/op

# Run progress: 72.92% complete, ETA 00:00:41
# Fork: 3 of 3
WARNING: A terminally deprecated method in sun.misc.Unsafe has been called
WARNING: sun.misc.Unsafe::objectFieldOffset has been called by org.openjdk.jmh.util.Utils (file:/C:/Users/Hareram%20ray/AI/numJ/.tools/jmh/jmh-core-1.37.jar)
WARNING: Please consider reporting this to the maintainers of class org.openjdk.jmh.util.Utils
WARNING: sun.misc.Unsafe::objectFieldOffset will be removed in a future release
# Warmup Iteration   1: 5918037.143 ns/op
# Warmup Iteration   2: 5999635.294 ns/op
# Warmup Iteration   3: 5905929.412 ns/op
# Warmup Iteration   4: 6234057.576 ns/op
# Warmup Iteration   5: 6241803.030 ns/op
Iteration   1: 5807028.571 ns/op
Iteration   2: 6857376.667 ns/op
Iteration   3: 9358472.727 ns/op
Iteration   4: 7699274.074 ns/op
Iteration   5: 7513233.333 ns/op


Result "numj.ReduceBench.java":
  8262877.075 ±(99.9%) 3340624.120 ns/op [Average]
  (min, avg, max) = (5807028.571, 8262877.075, 17157008.333), stdev = 3124821.875
  CI (99.9%): [4922252.955, 11603501.195] (assumes normal distribution)


# JMH version: 1.37
# VM version: JDK 25.0.4.1, OpenJDK 64-Bit Server VM, 25.0.4.1+1-LTS
# VM invoker: C:\Users\Hareram ray\AI\numJ\.tools\jdk\bin\java.exe
# VM options: --enable-native-access=ALL-UNNAMED --enable-native-access=ALL-UNNAMED -Xms2g -Xmx2g -XX:+AlwaysPreTouch
# Blackhole mode: compiler (auto-detected, use -Djmh.blackhole.autoDetect=false to disable)
# Warmup: 5 iterations, 200 ms each
# Measurement: 5 iterations, 200 ms each
# Timeout: 10 min per iteration
# Threads: 1 thread, will synchronize iterations
# Benchmark mode: Average time, time/op
# Benchmark: numj.ReduceBench.numj
# Parameters: (kind = all, n = 10000000)

# Run progress: 75.00% complete, ETA 00:00:38
# Fork: 1 of 3
WARNING: A terminally deprecated method in sun.misc.Unsafe has been called
WARNING: sun.misc.Unsafe::objectFieldOffset has been called by org.openjdk.jmh.util.Utils (file:/C:/Users/Hareram%20ray/AI/numJ/.tools/jmh/jmh-core-1.37.jar)
WARNING: Please consider reporting this to the maintainers of class org.openjdk.jmh.util.Utils
WARNING: sun.misc.Unsafe::objectFieldOffset will be removed in a future release
# Warmup Iteration   1: 8116372.000 ns/op
# Warmup Iteration   2: 6176690.909 ns/op
# Warmup Iteration   3: 6596583.871 ns/op
# Warmup Iteration   4: 6684520.000 ns/op
# Warmup Iteration   5: 7115051.724 ns/op
Iteration   1: 6250693.939 ns/op
Iteration   2: 7114210.345 ns/op
Iteration   3: 6317584.375 ns/op
Iteration   4: 5924244.118 ns/op
Iteration   5: 5286533.333 ns/op

# Run progress: 77.08% complete, ETA 00:00:35
# Fork: 2 of 3
WARNING: A terminally deprecated method in sun.misc.Unsafe has been called
WARNING: sun.misc.Unsafe::objectFieldOffset has been called by org.openjdk.jmh.util.Utils (file:/C:/Users/Hareram%20ray/AI/numJ/.tools/jmh/jmh-core-1.37.jar)
WARNING: Please consider reporting this to the maintainers of class org.openjdk.jmh.util.Utils
WARNING: sun.misc.Unsafe::objectFieldOffset will be removed in a future release
# Warmup Iteration   1: 230438000.000 ns/op
# Warmup Iteration   2: 6715083.333 ns/op
# Warmup Iteration   3: 7602744.444 ns/op
# Warmup Iteration   4: 11983829.412 ns/op
# Warmup Iteration   5: 6532696.774 ns/op
Iteration   1: 6966344.828 ns/op
Iteration   2: 6409266.667 ns/op
Iteration   3: 7874400.000 ns/op
Iteration   4: 7365673.333 ns/op
Iteration   5: 15926284.615 ns/op

# Run progress: 79.17% complete, ETA 00:00:31
# Fork: 3 of 3
WARNING: A terminally deprecated method in sun.misc.Unsafe has been called
WARNING: sun.misc.Unsafe::objectFieldOffset has been called by org.openjdk.jmh.util.Utils (file:/C:/Users/Hareram%20ray/AI/numJ/.tools/jmh/jmh-core-1.37.jar)
WARNING: Please consider reporting this to the maintainers of class org.openjdk.jmh.util.Utils
WARNING: sun.misc.Unsafe::objectFieldOffset will be removed in a future release
# Warmup Iteration   1: 8925952.174 ns/op
# Warmup Iteration   2: 7398357.143 ns/op
# Warmup Iteration   3: 7197021.429 ns/op
# Warmup Iteration   4: 7670733.333 ns/op
# Warmup Iteration   5: 6416031.250 ns/op
Iteration   1: 6155215.152 ns/op
Iteration   2: 7550981.481 ns/op
Iteration   3: 6053782.353 ns/op
Iteration   4: 16964075.000 ns/op
Iteration   5: 13766413.333 ns/op


Result "numj.ReduceBench.numj":
  8395046.858 ±(99.9%) 4079352.867 ns/op [Average]
  (min, avg, max) = (5286533.333, 8395046.858, 16964075.000), stdev = 3815829.204
  CI (99.9%): [4315693.991, 12474399.726] (assumes normal distribution)


# JMH version: 1.37
# VM version: JDK 25.0.4.1, OpenJDK 64-Bit Server VM, 25.0.4.1+1-LTS
# VM invoker: C:\Users\Hareram ray\AI\numJ\.tools\jdk\bin\java.exe
# VM options: --enable-native-access=ALL-UNNAMED --enable-native-access=ALL-UNNAMED -Xms2g -Xmx2g -XX:+AlwaysPreTouch
# Blackhole mode: compiler (auto-detected, use -Djmh.blackhole.autoDetect=false to disable)
# Warmup: 5 iterations, 200 ms each
# Measurement: 5 iterations, 200 ms each
# Timeout: 10 min per iteration
# Threads: 1 thread, will synchronize iterations
# Benchmark mode: Average time, time/op
# Benchmark: numj.ReduceBench.numj
# Parameters: (kind = axis0, n = 10000000)

# Run progress: 81.25% complete, ETA 00:00:28
# Fork: 1 of 3
WARNING: A terminally deprecated method in sun.misc.Unsafe has been called
WARNING: sun.misc.Unsafe::objectFieldOffset has been called by org.openjdk.jmh.util.Utils (file:/C:/Users/Hareram%20ray/AI/numJ/.tools/jmh/jmh-core-1.37.jar)
WARNING: Please consider reporting this to the maintainers of class org.openjdk.jmh.util.Utils
WARNING: sun.misc.Unsafe::objectFieldOffset will be removed in a future release
# Warmup Iteration   1: 14663385.714 ns/op
# Warmup Iteration   2: 9911666.667 ns/op
# Warmup Iteration   3: 8029416.000 ns/op
# Warmup Iteration   4: 6741340.000 ns/op
# Warmup Iteration   5: 5982558.824 ns/op
Iteration   1: 5925979.412 ns/op
Iteration   2: 6266648.485 ns/op
Iteration   3: 5587538.889 ns/op
Iteration   4: 5776425.714 ns/op
Iteration   5: 6437075.000 ns/op

# Run progress: 83.33% complete, ETA 00:00:25
# Fork: 2 of 3
WARNING: A terminally deprecated method in sun.misc.Unsafe has been called
WARNING: sun.misc.Unsafe::objectFieldOffset has been called by org.openjdk.jmh.util.Utils (file:/C:/Users/Hareram%20ray/AI/numJ/.tools/jmh/jmh-core-1.37.jar)
WARNING: Please consider reporting this to the maintainers of class org.openjdk.jmh.util.Utils
WARNING: sun.misc.Unsafe::objectFieldOffset will be removed in a future release
# Warmup Iteration   1: 11415411.111 ns/op
# Warmup Iteration   2: 6421150.000 ns/op
# Warmup Iteration   3: 6859033.333 ns/op
# Warmup Iteration   4: 6357003.125 ns/op
# Warmup Iteration   5: 5748542.857 ns/op
Iteration   1: 5670291.667 ns/op
Iteration   2: 17269266.667 ns/op
Iteration   3: 19472190.909 ns/op
Iteration   4: 14501457.143 ns/op
Iteration   5: 6761274.194 ns/op

# Run progress: 85.42% complete, ETA 00:00:22
# Fork: 3 of 3
WARNING: A terminally deprecated method in sun.misc.Unsafe has been called
WARNING: sun.misc.Unsafe::objectFieldOffset has been called by org.openjdk.jmh.util.Utils (file:/C:/Users/Hareram%20ray/AI/numJ/.tools/jmh/jmh-core-1.37.jar)
WARNING: Please consider reporting this to the maintainers of class org.openjdk.jmh.util.Utils
WARNING: sun.misc.Unsafe::objectFieldOffset will be removed in a future release
# Warmup Iteration   1: 103524700.000 ns/op
# Warmup Iteration   2: 9285763.636 ns/op
# Warmup Iteration   3: 6072993.939 ns/op
# Warmup Iteration   4: 5768797.143 ns/op
# Warmup Iteration   5: 6208496.970 ns/op
Iteration   1: 5962594.118 ns/op
Iteration   2: 5688269.444 ns/op
Iteration   3: 6985150.000 ns/op
Iteration   4: 9957545.455 ns/op
Iteration   5: 9045304.167 ns/op


Result "numj.ReduceBench.numj":
  8753800.751 ±(99.9%) 4900724.962 ns/op [Average]
  (min, avg, max) = (5587538.889, 8753800.751, 19472190.909), stdev = 4584141.171
  CI (99.9%): [3853075.789, 13654525.713] (assumes normal distribution)


# JMH version: 1.37
# VM version: JDK 25.0.4.1, OpenJDK 64-Bit Server VM, 25.0.4.1+1-LTS
# VM invoker: C:\Users\Hareram ray\AI\numJ\.tools\jdk\bin\java.exe
# VM options: --enable-native-access=ALL-UNNAMED --enable-native-access=ALL-UNNAMED -Xms2g -Xmx2g -XX:+AlwaysPreTouch
# Blackhole mode: compiler (auto-detected, use -Djmh.blackhole.autoDetect=false to disable)
# Warmup: 5 iterations, 200 ms each
# Measurement: 5 iterations, 200 ms each
# Timeout: 10 min per iteration
# Threads: 1 thread, will synchronize iterations
# Benchmark mode: Average time, time/op
# Benchmark: numj.ReduceBench.numj
# Parameters: (kind = axis1, n = 10000000)

# Run progress: 87.50% complete, ETA 00:00:18
# Fork: 1 of 3
WARNING: A terminally deprecated method in sun.misc.Unsafe has been called
WARNING: sun.misc.Unsafe::objectFieldOffset has been called by org.openjdk.jmh.util.Utils (file:/C:/Users/Hareram%20ray/AI/numJ/.tools/jmh/jmh-core-1.37.jar)
WARNING: Please consider reporting this to the maintainers of class org.openjdk.jmh.util.Utils
WARNING: sun.misc.Unsafe::objectFieldOffset will be removed in a future release
# Warmup Iteration   1: 9774714.286 ns/op
# Warmup Iteration   2: 8401828.000 ns/op
# Warmup Iteration   3: 16510653.846 ns/op
# Warmup Iteration   4: 10092920.000 ns/op
# Warmup Iteration   5: 7466085.185 ns/op
Iteration   1: 7925107.692 ns/op
Iteration   2: 6308815.152 ns/op
Iteration   3: 6992400.000 ns/op
Iteration   4: 13873853.333 ns/op
Iteration   5: 20948930.000 ns/op

# Run progress: 89.58% complete, ETA 00:00:15
# Fork: 2 of 3
WARNING: A terminally deprecated method in sun.misc.Unsafe has been called
WARNING: sun.misc.Unsafe::objectFieldOffset has been called by org.openjdk.jmh.util.Utils (file:/C:/Users/Hareram%20ray/AI/numJ/.tools/jmh/jmh-core-1.37.jar)
WARNING: Please consider reporting this to the maintainers of class org.openjdk.jmh.util.Utils
WARNING: sun.misc.Unsafe::objectFieldOffset will be removed in a future release
# Warmup Iteration   1: 19187536.364 ns/op
# Warmup Iteration   2: 18617700.000 ns/op
# Warmup Iteration   3: 15906315.385 ns/op
# Warmup Iteration   4: 13494580.000 ns/op
# Warmup Iteration   5: 7148924.138 ns/op
Iteration   1: 8804513.043 ns/op
Iteration   2: 7016344.828 ns/op
Iteration   3: 19588572.727 ns/op
Iteration   4: 16727200.000 ns/op
Iteration   5: 19377000.000 ns/op

# Run progress: 91.67% complete, ETA 00:00:12
# Fork: 3 of 3
WARNING: A terminally deprecated method in sun.misc.Unsafe has been called
WARNING: sun.misc.Unsafe::objectFieldOffset has been called by org.openjdk.jmh.util.Utils (file:/C:/Users/Hareram%20ray/AI/numJ/.tools/jmh/jmh-core-1.37.jar)
WARNING: Please consider reporting this to the maintainers of class org.openjdk.jmh.util.Utils
WARNING: sun.misc.Unsafe::objectFieldOffset will be removed in a future release
# Warmup Iteration   1: 14676392.857 ns/op
# Warmup Iteration   2: 7404472.414 ns/op
# Warmup Iteration   3: 17425400.000 ns/op
# Warmup Iteration   4: 16901316.667 ns/op
# Warmup Iteration   5: 18379863.636 ns/op
Iteration   1: 8404328.000 ns/op
Iteration   2: 11879566.667 ns/op
Iteration   3: 18330745.455 ns/op
Iteration   4: 18006416.667 ns/op
Iteration   5: 6417760.606 ns/op


Result "numj.ReduceBench.numj":
  12706770.278 ±(99.9%) 5992145.794 ns/op [Average]
  (min, avg, max) = (6308815.152, 12706770.278, 20948930.000), stdev = 5605056.894
  CI (99.9%): [6714624.484, 18698916.072] (assumes normal distribution)


# JMH version: 1.37
# VM version: JDK 25.0.4.1, OpenJDK 64-Bit Server VM, 25.0.4.1+1-LTS
# VM invoker: C:\Users\Hareram ray\AI\numJ\.tools\jdk\bin\java.exe
# VM options: --enable-native-access=ALL-UNNAMED --enable-native-access=ALL-UNNAMED -Xms2g -Xmx2g -XX:+AlwaysPreTouch
# Blackhole mode: compiler (auto-detected, use -Djmh.blackhole.autoDetect=false to disable)
# Warmup: 5 iterations, 200 ms each
# Measurement: 5 iterations, 200 ms each
# Timeout: 10 min per iteration
# Threads: 1 thread, will synchronize iterations
# Benchmark mode: Average time, time/op
# Benchmark: numj.ReduceBench.numj
# Parameters: (kind = allT, n = 10000000)

# Run progress: 93.75% complete, ETA 00:00:09
# Fork: 1 of 3
WARNING: A terminally deprecated method in sun.misc.Unsafe has been called
WARNING: sun.misc.Unsafe::objectFieldOffset has been called by org.openjdk.jmh.util.Utils (file:/C:/Users/Hareram%20ray/AI/numJ/.tools/jmh/jmh-core-1.37.jar)
WARNING: Please consider reporting this to the maintainers of class org.openjdk.jmh.util.Utils
WARNING: sun.misc.Unsafe::objectFieldOffset will be removed in a future release
# Warmup Iteration   1: 35605150.000 ns/op
# Warmup Iteration   2: 20443090.000 ns/op
# Warmup Iteration   3: 23170200.000 ns/op
# Warmup Iteration   4: 24169822.222 ns/op
# Warmup Iteration   5: 22587177.778 ns/op
Iteration   1: 21768160.000 ns/op
Iteration   2: 26152050.000 ns/op
Iteration   3: 25090412.500 ns/op
Iteration   4: 22365144.444 ns/op
Iteration   5: 18512700.000 ns/op

# Run progress: 95.83% complete, ETA 00:00:06
# Fork: 2 of 3
WARNING: A terminally deprecated method in sun.misc.Unsafe has been called
WARNING: sun.misc.Unsafe::objectFieldOffset has been called by org.openjdk.jmh.util.Utils (file:/C:/Users/Hareram%20ray/AI/numJ/.tools/jmh/jmh-core-1.37.jar)
WARNING: Please consider reporting this to the maintainers of class org.openjdk.jmh.util.Utils
WARNING: sun.misc.Unsafe::objectFieldOffset will be removed in a future release
# Warmup Iteration   1: 30882857.143 ns/op
# Warmup Iteration   2: 18304975.000 ns/op
# Warmup Iteration   3: 22171750.000 ns/op
# Warmup Iteration   4: 23441044.444 ns/op
# Warmup Iteration   5: 46444540.000 ns/op
Iteration   1: 40982920.000 ns/op
Iteration   2: 17847266.667 ns/op
Iteration   3: 16941975.000 ns/op
Iteration   4: 28545044.444 ns/op
Iteration   5: 49170380.000 ns/op

# Run progress: 97.92% complete, ETA 00:00:03
# Fork: 3 of 3
WARNING: A terminally deprecated method in sun.misc.Unsafe has been called
WARNING: sun.misc.Unsafe::objectFieldOffset has been called by org.openjdk.jmh.util.Utils (file:/C:/Users/Hareram%20ray/AI/numJ/.tools/jmh/jmh-core-1.37.jar)
WARNING: Please consider reporting this to the maintainers of class org.openjdk.jmh.util.Utils
WARNING: sun.misc.Unsafe::objectFieldOffset will be removed in a future release
# Warmup Iteration   1: 31669300.000 ns/op
# Warmup Iteration   2: 31954657.143 ns/op
# Warmup Iteration   3: 33815516.667 ns/op
# Warmup Iteration   4: 19364572.727 ns/op
# Warmup Iteration   5: 24327733.333 ns/op
Iteration   1: 23049455.556 ns/op
Iteration   2: 23873155.556 ns/op
Iteration   3: 23370588.889 ns/op
Iteration   4: 26222944.444 ns/op
Iteration   5: 31344071.429 ns/op


Result "numj.ReduceBench.numj":
  26349084.595 ±(99.9%) 9264071.675 ns/op [Average]
  (min, avg, max) = (16941975.000, 26349084.595, 49170380.000), stdev = 8665618.394
  CI (99.9%): [17085012.920, 35613156.271] (assumes normal distribution)


# Run complete. Total time: 00:02:31

REMEMBER: The numbers below are just data. To gain reusable insights, you need to follow up on
why the numbers are the way they are. Use profilers (see -prof, -lprof), design factorial
experiments, perform baseline and negative tests that provide experimental control, make sure
the benchmarking environment is safe on JVM/OS/HW level, ask for reviews from the domain experts.
Do not assume the numbers tell you what you want them to tell.

NOTE: Current JVM experimentally supports Compiler Blackholes, and they are in use. Please exercise
extra caution when trusting the results, look into the generated code to check the benchmark still
works, and factor in a small probability of new VM bugs. Additionally, while comparisons between
different JVMs are already problematic, the performance difference caused by different Blackhole
modes can be very significant. Please make sure you use the consistent Blackhole mode for comparisons.

Benchmark                (kind)    (layout)       (n)  Mode  Cnt          Score          Error  Units
FusedBench.fused            N/A      contig  10000000  avgt   15   15637214.524 ±  2079147.414  ns/op
FusedBench.fused            N/A  transposed  10000000  avgt   15   88443732.222 ± 18957715.398  ns/op
FusedBench.java             N/A      contig  10000000  avgt   15   19780488.342 ±  6776881.847  ns/op
FusedBench.java             N/A  transposed  10000000  avgt   15   15689069.718 ±  1251387.414  ns/op
FusedBench.unfusedAlloc     N/A      contig  10000000  avgt   15  106149133.333 ± 13743352.707  ns/op
FusedBench.unfusedAlloc     N/A  transposed  10000000  avgt   15  429474313.333 ± 96609287.186  ns/op
FusedBench.unfusedReuse     N/A      contig  10000000  avgt   15   54504351.667 ±  9841382.046  ns/op
FusedBench.unfusedReuse     N/A  transposed  10000000  avgt   15  308261746.667 ± 73146561.422  ns/op
ReduceBench.java            all         N/A  10000000  avgt   15   15136428.744 ±  7526216.964  ns/op
ReduceBench.java          axis0         N/A  10000000  avgt   15   11467193.621 ±  7211241.586  ns/op
ReduceBench.java          axis1         N/A  10000000  avgt   15    7700867.880 ±  1693663.453  ns/op
ReduceBench.java           allT         N/A  10000000  avgt   15    8262877.075 ±  3340624.120  ns/op
ReduceBench.numj            all         N/A  10000000  avgt   15    8395046.858 ±  4079352.867  ns/op
ReduceBench.numj          axis0         N/A  10000000  avgt   15    8753800.751 ±  4900724.962  ns/op
ReduceBench.numj          axis1         N/A  10000000  avgt   15   12706770.278 ±  5992145.794  ns/op
ReduceBench.numj           allT         N/A  10000000  avgt   15   26349084.595 ±  9264071.675  ns/op

Benchmark result is saved to results\nd\jmh_fix4repeat.json
