ew       add          contig            16 numpy        median          376.5 ns  cv   4.7%
ew       add          contig            16 numpy-out    median          342.2 ns  cv  24.9%
ew       add          contig            16 numexpr      median        12787.3 ns  cv  11.7%
ew       add          contig            16 numba        median          523.1 ns  cv  14.9%
ew       add          transposed        16 numpy        median          608.8 ns  cv  13.2%
ew       add          transposed        16 numpy-out    median         1283.6 ns  cv   6.0%
ew       add          transposed        16 numexpr      median         9420.8 ns  cv   5.2%
ew       add          transposed        16 numba        median          462.5 ns  cv   8.8%
ew       add          stepped           16 numpy        median          559.0 ns  cv   6.3%
ew       add          stepped           16 numpy-out    median          503.6 ns  cv  17.3%
ew       add          stepped           16 numexpr      median        10477.7 ns  cv  13.7%
ew       add          stepped           16 numba        median          445.5 ns  cv   3.9%
ew       add          bcast             16 numpy        median         1290.3 ns  cv  15.6%
ew       add          bcast             16 numpy-out    median         1103.6 ns  cv   7.8%
ew       add          bcast             16 numexpr      median        10426.6 ns  cv  12.9%
ew       add          bcast             16 numba        median          468.4 ns  cv  16.2%
ew       add          contig          1000 numpy        median          801.6 ns  cv   9.2%
ew       add          contig          1000 numpy-out    median          666.9 ns  cv   9.1%
ew       add          contig          1000 numexpr      median        10788.4 ns  cv  10.3%
ew       add          contig          1000 numba        median          585.8 ns  cv   9.8%
ew       add          transposed      1000 numpy        median          929.2 ns  cv  10.3%
ew       add          transposed      1000 numpy-out    median         3384.8 ns  cv  14.6%
ew       add          transposed      1000 numexpr      median        13152.6 ns  cv  14.4%
ew       add          transposed      1000 numba        median          931.9 ns  cv  18.2%
ew       add          stepped         1000 numpy        median         1235.5 ns  cv   7.2%
ew       add          stepped         1000 numpy-out    median         1186.7 ns  cv   7.6%
ew       add          stepped         1000 numexpr      median        10998.3 ns  cv  14.6%
ew       add          stepped         1000 numba        median          885.8 ns  cv  13.6%
ew       add          bcast           1000 numpy        median         1944.0 ns  cv  14.1%
ew       add          bcast           1000 numpy-out    median         1738.3 ns  cv  16.1%
ew       add          bcast           1000 numexpr      median        10891.5 ns  cv  10.1%
ew       add          bcast           1000 numba        median          619.7 ns  cv  13.1%
ew       add          contig        100000 numpy        median        71704.5 ns  cv  15.4%
ew       add          contig        100000 numpy-out    median        68937.2 ns  cv  15.1%
ew       add          contig        100000 numexpr      median       106990.4 ns  cv  11.9%
ew       add          contig        100000 numba        median        61395.5 ns  cv  24.2%
ew       add          transposed    100000 numpy        median        70509.0 ns  cv  11.3%
ew       add          transposed    100000 numpy-out    median       183909.5 ns  cv  16.4%
ew       add          transposed    100000 numexpr      median       151013.2 ns  cv   7.9%
ew       add          transposed    100000 numba        median       110427.6 ns  cv  12.4%
ew       add          stepped       100000 numpy        median       115243.7 ns  cv  14.5%
ew       add          stepped       100000 numpy-out    median       119400.5 ns  cv  15.4%
ew       add          stepped       100000 numexpr      median       151463.0 ns  cv  10.0%
ew       add          stepped       100000 numba        median        98836.5 ns  cv  12.3%
ew       add          bcast         100000 numpy        median        71195.9 ns  cv  14.4%
ew       add          bcast         100000 numpy-out    median        69582.1 ns  cv  12.9%
ew       add          bcast         100000 numexpr      median       108961.3 ns  cv  13.0%
ew       add          bcast         100000 numba        median        37905.1 ns  cv  14.4%
ew       add          contig      10000000 numpy        median     39611700.0 ns  cv   8.9%
ew       add          contig      10000000 numpy-out    median     24124800.0 ns  cv  16.0%
ew       add          contig      10000000 numexpr      median     20944700.0 ns  cv   6.2%
ew       add          contig      10000000 numba        median     24105700.0 ns  cv  10.0%
ew       add          transposed  10000000 numpy        median     39287400.0 ns  cv   9.3%
ew       add          transposed  10000000 numpy-out    median    199855600.0 ns  cv  10.3%
ew       add          transposed  10000000 numexpr      median    205247500.0 ns  cv  10.9%
ew       add          transposed  10000000 numba        median    198376200.0 ns  cv  10.2%
ew       add          stepped     10000000 numpy        median     49216300.0 ns  cv   8.1%
ew       add          stepped     10000000 numpy-out    median     31556600.0 ns  cv   3.5%
ew       add          stepped     10000000 numexpr      median     34087900.0 ns  cv  24.0%
ew       add          stepped     10000000 numba        median     37976400.0 ns  cv  18.0%
ew       add          bcast       10000000 numpy        median     29790000.0 ns  cv  12.2%
ew       add          bcast       10000000 numpy-out    median     16426550.0 ns  cv   4.3%
ew       add          bcast       10000000 numexpr      median     17078550.0 ns  cv  10.6%
ew       add          bcast       10000000 numba        median     16934850.0 ns  cv  11.2%
reduce   sum          all             1000 numpy        median         2222.9 ns  cv  16.2%
reduce   sum          all             1000 numba        median         1035.4 ns  cv  11.3%
reduce   sum          axis0           1000 numpy        median         3116.2 ns  cv  15.7%
reduce   sum          axis0           1000 numpy-out    median         3033.6 ns  cv  10.9%
reduce   sum          axis0           1000 numba        median          616.4 ns  cv  15.4%
reduce   sum          axis1           1000 numpy        median         3304.6 ns  cv  16.3%
reduce   sum          axis1           1000 numpy-out    median         3204.7 ns  cv  14.0%
reduce   sum          axis1           1000 numba        median          610.8 ns  cv  12.7%
reduce   sum          allT            1000 numpy        median         2135.8 ns  cv  12.6%
reduce   sum          allT            1000 numba        median          956.8 ns  cv   9.5%
reduce   sum          all           100000 numpy        median        28693.1 ns  cv  15.4%
reduce   sum          all           100000 numba        median        72502.2 ns  cv  17.4%
reduce   sum          axis0         100000 numpy        median        24637.7 ns  cv   9.0%
reduce   sum          axis0         100000 numpy-out    median        21146.1 ns  cv  16.7%
reduce   sum          axis0         100000 numba        median        21153.7 ns  cv  15.6%
reduce   sum          axis1         100000 numpy        median        36381.1 ns  cv  16.6%
reduce   sum          axis1         100000 numpy-out    median        34642.2 ns  cv  13.7%
reduce   sum          axis1         100000 numba        median        59642.9 ns  cv  11.1%
reduce   sum          allT          100000 numpy        median        31889.8 ns  cv  13.6%
reduce   sum          allT          100000 numba        median        87370.6 ns  cv  21.2%
reduce   sum          all         10000000 numpy        median     10333300.0 ns  cv  18.3%
reduce   sum          all         10000000 numba        median      7879500.0 ns  cv  60.5%
reduce   sum          axis0       10000000 numpy        median      5217520.0 ns  cv   8.1%
reduce   sum          axis0       10000000 numpy-out    median      5196920.0 ns  cv   5.7%
reduce   sum          axis0       10000000 numba        median      5205275.0 ns  cv  10.3%
reduce   sum          axis1       10000000 numpy        median      8376950.0 ns  cv   8.8%
reduce   sum          axis1       10000000 numpy-out    median      8221300.0 ns  cv   8.7%
reduce   sum          axis1       10000000 numba        median      6857775.0 ns  cv   5.3%
reduce   sum          allT        10000000 numpy        median      6431775.0 ns  cv  19.3%
reduce   sum          allT        10000000 numba        median     49029900.0 ns  cv   5.5%
fused    muladd       contig          1000 numpy        median         3289.5 ns  cv   2.2%
fused    muladd       contig          1000 numpy-out    median         2819.6 ns  cv   4.4%
fused    muladd       contig          1000 numexpr      median        10287.5 ns  cv   2.8%
fused    muladd       contig          1000 numba        median          722.2 ns  cv   2.9%
fused    muladd       transposed      1000 numpy        median         3276.4 ns  cv   4.1%
fused    muladd       transposed      1000 numpy-out    median         5454.6 ns  cv   4.4%
fused    muladd       transposed      1000 numexpr      median        10164.9 ns  cv   1.9%
fused    muladd       transposed      1000 numba        median          872.0 ns  cv   4.1%
fused    muladd       contig        100000 numpy        median       127762.6 ns  cv   4.1%
fused    muladd       contig        100000 numpy-out    median        97950.7 ns  cv   4.6%
fused    muladd       contig        100000 numexpr      median       340134.3 ns  cv   5.1%
fused    muladd       contig        100000 numba        median        48830.5 ns  cv   3.7%
fused    muladd       transposed    100000 numpy        median       128241.0 ns  cv   5.9%
fused    muladd       transposed    100000 numpy-out    median       245652.9 ns  cv   3.4%
fused    muladd       transposed    100000 numexpr      median       341122.4 ns  cv   7.5%
fused    muladd       transposed    100000 numba        median       142130.3 ns  cv   5.6%
fused    muladd       contig      10000000 numpy        median     85838500.0 ns  cv   4.5%
fused    muladd       contig      10000000 numpy-out    median     46404900.0 ns  cv  11.4%
fused    muladd       contig      10000000 numexpr      median     41743200.0 ns  cv   4.6%
fused    muladd       contig      10000000 numba        median     14743700.0 ns  cv   3.5%
fused    muladd       transposed  10000000 numpy        median     86096600.0 ns  cv   4.1%
fused    muladd       transposed  10000000 numpy-out    median    193130200.0 ns  cv   5.1%
fused    muladd       transposed  10000000 numexpr      median     41852400.0 ns  cv   4.2%
fused    muladd       transposed  10000000 numba        median    209466500.0 ns  cv   3.1%
short    sumRows      k=2          1000000 numpy-out    median      3343414.3 ns  cv  10.0%
short    addRows      k=2          1000000 numpy-out    median      3967766.7 ns  cv  12.0%
short    addRows      k=2          1000000 numexpr      median      3843616.7 ns  cv   9.3%
short    sumRows      k=2          1000000 numba        median       730820.6 ns  cv   9.4%
short    addRows      k=2          1000000 numba        median      1993737.5 ns  cv  10.8%
short    sumRows      k=4          1000000 numpy-out    median      1604126.7 ns  cv  10.0%
short    addRows      k=4          1000000 numpy-out    median      2908162.5 ns  cv  13.5%
short    addRows      k=4          1000000 numexpr      median      2737237.5 ns  cv   9.9%
short    sumRows      k=4          1000000 numba        median       497226.7 ns  cv   9.4%
short    addRows      k=4          1000000 numba        median      1725337.5 ns  cv   9.3%
short    sumRows      k=8          1000000 numpy-out    median      1005372.7 ns  cv   8.3%
short    addRows      k=8          1000000 numpy-out    median      2706862.5 ns  cv   9.1%
short    addRows      k=8          1000000 numexpr      median      2574140.0 ns  cv   6.9%
short    sumRows      k=8          1000000 numba        median       370666.3 ns  cv   6.1%
short    addRows      k=8          1000000 numba        median      1472066.7 ns  cv   7.9%
short    sumRows      k=16         1000000 numpy-out    median       545341.9 ns  cv   7.5%
short    addRows      k=16         1000000 numpy-out    median      1939358.3 ns  cv   8.4%
short    addRows      k=16         1000000 numexpr      median      1971058.3 ns  cv   8.7%
short    sumRows      k=16         1000000 numba        median       294822.1 ns  cv   8.2%
short    addRows      k=16         1000000 numba        median      1458089.3 ns  cv   7.1%
short    sumRows      k=64         1000000 numpy-out    median       323434.6 ns  cv   6.2%
short    addRows      k=64         1000000 numpy-out    median      2094713.3 ns  cv  15.4%
short    addRows      k=64         1000000 numexpr      median      2014177.8 ns  cv  26.1%
short    sumRows      k=64         1000000 numba        median       296125.7 ns  cv   9.5%
short    addRows      k=64         1000000 numba        median      1442064.7 ns  cv   9.4%
# wrote results\nd\python_main.csv
