reduce   sum          all             1000 numpy        median         1344.9 ns  cv   3.1%
reduce   sum          all             1000 numba        median          582.5 ns  cv   2.3%
reduce   sum          axis0           1000 numpy        median         1998.6 ns  cv   4.7%
reduce   sum          axis0           1000 numpy-out    median         1911.4 ns  cv   2.7%
reduce   sum          axis0           1000 numba        median          316.6 ns  cv   2.7%
reduce   sum          axis1           1000 numpy        median         1929.8 ns  cv   2.8%
reduce   sum          axis1           1000 numpy-out    median         1812.1 ns  cv   2.9%
reduce   sum          axis1           1000 numba        median          394.3 ns  cv   5.4%
reduce   sum          allT            1000 numpy        median         1359.5 ns  cv   2.4%
reduce   sum          allT            1000 numba        median          611.6 ns  cv   5.0%
reduce   sum          all           100000 numpy        median        20379.3 ns  cv   5.3%
reduce   sum          all           100000 numba        median        46021.1 ns  cv   6.0%
reduce   sum          axis0         100000 numpy        median        12747.9 ns  cv   5.1%
reduce   sum          axis0         100000 numpy-out    median        16220.6 ns  cv   3.1%
reduce   sum          axis0         100000 numba        median        13288.2 ns  cv   4.2%
reduce   sum          axis1         100000 numpy        median        20239.9 ns  cv   4.4%
reduce   sum          axis1         100000 numpy-out    median        21234.3 ns  cv   5.0%
reduce   sum          axis1         100000 numba        median        37813.6 ns  cv   4.5%
reduce   sum          allT          100000 numpy        median        20622.5 ns  cv   8.4%
reduce   sum          allT          100000 numba        median        45614.1 ns  cv   5.9%
reduce   sum          all         10000000 numpy        median      7049925.0 ns  cv   6.2%
reduce   sum          all         10000000 numba        median      6707866.7 ns  cv  13.7%
reduce   sum          axis0       10000000 numpy        median      5664375.0 ns  cv  20.1%
reduce   sum          axis0       10000000 numpy-out    median      5421240.0 ns  cv  11.9%
reduce   sum          axis0       10000000 numba        median      5172700.0 ns  cv  15.6%
reduce   sum          axis1       10000000 numpy        median      8804600.0 ns  cv   9.5%
reduce   sum          axis1       10000000 numpy-out    median      8469066.7 ns  cv   4.5%
reduce   sum          axis1       10000000 numba        median      6618150.0 ns  cv  12.6%
reduce   sum          allT        10000000 numpy        median      6500850.0 ns  cv  11.1%
reduce   sum          allT        10000000 numba        median     52544200.0 ns  cv   6.6%
# wrote results\nd\python_round3.csv
