# java 25.0.4.1+1-LTS | OpenJDK 64-Bit Server VM
# native C:\Users\Hareram ray\AI\numJ\build\native\numj-novec.dll
# build GCC version 16.2.0 | -march=x86-64-v3 -mthreads -O3 -Wall -Wextra -Wno-compare-reals -std=f2018 -fopenmp -frecursive -ffp-contract=off -fno-tree-vectorize -fno-tree-slp-vectorize -J C:\Users\Hareram ray\AI\numJ\build\obj\numj-novec
# criticalMaxElements=65536 availableProcessors=12
sqdist          [16]             numj                   compute  t=1  median      17.7 ns  p10      17.2 ns  p90      18.2 ns  cv   3.7%
sumsq_muladd    [16]             numj                   compute  t=1  median      55.7 ns  p10      39.5 ns  p90      85.5 ns  cv  34.8%
sqdist          [1000]           numj                   compute  t=1  median     779.9 ns  p10     663.7 ns  p90      1.08 us  cv  19.6%
sumsq_muladd    [1000]           numj                   compute  t=1  median      1.11 us  p10     788.6 ns  p90      1.34 us  cv  28.0%
sqdist          [100000]         numj                   compute  t=1  median     94.94 us  p10     76.01 us  p90    102.12 us  cv  12.7%
sumsq_muladd    [100000]         numj                   compute  t=1  median     82.41 us  p10     68.06 us  p90    110.61 us  cv  22.5%
sqdist          [10000000]       numj                   compute  t=1  median    14.736 ms  p10    13.532 ms  p90    22.893 ms  cv  28.6%
sumsq_muladd    [10000000]       numj                   compute  t=1  median    21.557 ms  p10    20.370 ms  p90    33.104 ms  cv  22.8%
normalize_rows  [4,4]            numj                   compute  t=1  median     253.8 ns  p10     217.0 ns  p90     301.2 ns  cv  13.0%
normalize_rows  [100,10]         numj                   compute  t=1  median      2.93 us  p10      2.38 us  p90      3.32 us  cv  13.8%
normalize_rows  [1000,100]       numj                   compute  t=1  median    191.64 us  p10    171.29 us  p90    219.92 us  cv  12.2%
normalize_rows  [100000,100]     numj                   compute  t=1  median    36.293 ms  p10    27.721 ms  p90    42.285 ms  cv  16.2%
sqdist_rows     [1000,16]        numj                   compute  t=1  median     33.37 us  p10     21.87 us  p90     37.74 us  cv  24.4%
sqdist_rows     [10000,100]      numj                   compute  t=1  median     1.445 ms  p10     1.163 ms  p90     2.397 ms  cv  38.2%
sqdist_rows     [100000,100]     numj                   compute  t=1  median    20.167 ms  p10    13.584 ms  p90    66.218 ms  cv  64.2%
# wrote results\java_profile_numj-novec.csv
# sink 7.679192509679912E9
