sqdist          [16]             numpy                  e2e      median         2226.1 ns  cv  19.0%
sqdist          [16]             numpy-reuse            compute  median          929.9 ns  cv  29.8%
sumsq_muladd    [16]             numpy                  e2e      median         2698.7 ns  cv  28.2%
sumsq_muladd    [16]             numpy-reuse            compute  median         1193.0 ns  cv   6.4%
sqdist          [1000]           numpy                  e2e      median         2620.2 ns  cv   3.7%
sqdist          [1000]           numpy-reuse            compute  median         1100.2 ns  cv   5.4%
sumsq_muladd    [1000]           numpy                  e2e      median         3320.5 ns  cv   4.7%
sumsq_muladd    [1000]           numpy-reuse            compute  median         1626.3 ns  cv   2.9%
sqdist          [100000]         numpy                  e2e      median       522024.4 ns  cv   8.4%
sqdist          [100000]         numpy-reuse            compute  median        47332.0 ns  cv   4.9%
sumsq_muladd    [100000]         numpy                  e2e      median       522561.7 ns  cv   6.9%
sumsq_muladd    [100000]         numpy-reuse            compute  median        78992.3 ns  cv  18.9%
sqdist          [10000000]       numpy                  e2e      median     53665300.0 ns  cv  33.3%
sqdist          [10000000]       numpy-reuse            compute  median     23752900.0 ns  cv  11.2%
sumsq_muladd    [10000000]       numpy                  e2e      median     93999100.0 ns  cv  40.1%
sumsq_muladd    [10000000]       numpy-reuse            compute  median     43194900.0 ns  cv  28.4%
normalize_rows  [4,4]            numpy                  e2e      median         6122.7 ns  cv  23.8%
normalize_rows  [4,4]            numpy-reuse            compute  median         5105.1 ns  cv  13.8%
normalize_rows  [100,10]         numpy                  e2e      median         9819.2 ns  cv  13.2%
normalize_rows  [100,10]         numpy-reuse            compute  median         8560.2 ns  cv   9.9%
normalize_rows  [1000,100]       numpy                  e2e      median       256336.7 ns  cv  32.8%
normalize_rows  [1000,100]       numpy-reuse            compute  median       119633.7 ns  cv   5.2%
normalize_rows  [100000,100]     numpy                  e2e      median     65159500.0 ns  cv  30.1%
normalize_rows  [100000,100]     numpy-reuse            compute  median     37564700.0 ns  cv   5.9%
sqdist_rows     [1000,16]        numpy                  e2e      median        21913.6 ns  cv   4.8%
sqdist_rows     [1000,16]        numpy-reuse            compute  median        25883.2 ns  cv  10.3%
sqdist_rows     [10000,100]      numpy                  e2e      median      5175560.0 ns  cv   6.7%
sqdist_rows     [10000,100]      numpy-reuse            compute  median      1701592.9 ns  cv  43.5%
sqdist_rows     [100000,100]     numpy                  e2e      median     50506300.0 ns  cv   5.8%
sqdist_rows     [100000,100]     numpy-reuse            compute  median     28525300.0 ns  cv  16.7%
# wrote results\numpy_main.csv
